SQL> SET LINESIZE 100
SQL> SET PAGESIZE 100
SQL> SELECT * FROM EMP;

     EMPNO ENAME      JOB              MGR HIREDATE         SAL       COMM     DEPTNO               
---------- ---------- --------- ---------- --------- ---------- ---------- ----------               
      7839 KING       PRESIDENT            17-NOV-81       5000                    10               
      7698 BLAKE      MANAGER         7839 01-MAY-81       2850                    30               
      7782 CLARK      MANAGER         7839 09-JUN-81       2450                    10               
      7566 JONES      MANAGER         7839 02-APR-81       2975                    20               
      7788 SCOTT      ANALYST         7566 19-APR-87       3000                    20               
      7902 FORD       ANALYST         7566 03-DEC-81       3000                    20               
      7369 SMITH      CLERK           7902 17-DEC-80        800                    20               
      7499 ALLEN      SALESMAN        7698 20-FEB-81       1600        300         30               
      7521 WARD       SALESMAN        7698 22-FEB-81       1250        500         30               
      7654 MARTIN     SALESMAN        7698 28-SEP-81       1250       1400         30               
      7844 TURNER     SALESMAN        7698 08-SEP-81       1500          0         30               
      7876 ADAMS      CLERK           7788 23-MAY-87       1100                    20               
      7900 JAMES      CLERK           7698 03-DEC-81        950                    30               
      7934 MILLER     CLERK           7782 23-JAN-82       1300                    10               

14 rows selected.

SQL> SELECT ROWNUM,ENAME,ROWID FROM EMP;

    ROWNUM ENAME      ROWID                                                                         
---------- ---------- ------------------                                                            
         1 KING       AAAYKNAAGAAAAP2AAA                                                            
         2 BLAKE      AAAYKNAAGAAAAP2AAB                                                            
         3 CLARK      AAAYKNAAGAAAAP2AAC                                                            
         4 JONES      AAAYKNAAGAAAAP2AAD                                                            
         5 SCOTT      AAAYKNAAGAAAAP2AAE                                                            
         6 FORD       AAAYKNAAGAAAAP2AAF                                                            
         7 SMITH      AAAYKNAAGAAAAP2AAG                                                            
         8 ALLEN      AAAYKNAAGAAAAP2AAH                                                            
         9 WARD       AAAYKNAAGAAAAP2AAI                                                            
        10 MARTIN     AAAYKNAAGAAAAP2AAJ                                                            
        11 TURNER     AAAYKNAAGAAAAP2AAK                                                            
        12 ADAMS      AAAYKNAAGAAAAP2AAL                                                            
        13 JAMES      AAAYKNAAGAAAAP2AAM                                                            
        14 MILLER     AAAYKNAAGAAAAP2AAN                                                            

14 rows selected.

SQL> ED
Wrote file afiedt.buf

  1  SELECT ROWNUM,ENAME,ROWID FROM EMP
  2* ORDER BY ENAME
SQL> /

    ROWNUM ENAME      ROWID                                                                         
---------- ---------- ------------------                                                            
        12 ADAMS      AAAYKNAAGAAAAP2AAL                                                            
         8 ALLEN      AAAYKNAAGAAAAP2AAH                                                            
         2 BLAKE      AAAYKNAAGAAAAP2AAB                                                            
         3 CLARK      AAAYKNAAGAAAAP2AAC                                                            
         6 FORD       AAAYKNAAGAAAAP2AAF                                                            
        13 JAMES      AAAYKNAAGAAAAP2AAM                                                            
         4 JONES      AAAYKNAAGAAAAP2AAD                                                            
         1 KING       AAAYKNAAGAAAAP2AAA                                                            
        10 MARTIN     AAAYKNAAGAAAAP2AAJ                                                            
        14 MILLER     AAAYKNAAGAAAAP2AAN                                                            
         5 SCOTT      AAAYKNAAGAAAAP2AAE                                                            
         7 SMITH      AAAYKNAAGAAAAP2AAG                                                            
        11 TURNER     AAAYKNAAGAAAAP2AAK                                                            
         9 WARD       AAAYKNAAGAAAAP2AAI                                                            

14 rows selected.

SQL> ED
Wrote file afiedt.buf

  1  SELECT ROWNUM,ENAME,ROWID FROM EMP
  2* ORDER BY ROWNUM
SQL> /

    ROWNUM ENAME      ROWID                                                                         
---------- ---------- ------------------                                                            
         1 KING       AAAYKNAAGAAAAP2AAA                                                            
         2 BLAKE      AAAYKNAAGAAAAP2AAB                                                            
         3 CLARK      AAAYKNAAGAAAAP2AAC                                                            
         4 JONES      AAAYKNAAGAAAAP2AAD                                                            
         5 SCOTT      AAAYKNAAGAAAAP2AAE                                                            
         6 FORD       AAAYKNAAGAAAAP2AAF                                                            
         7 SMITH      AAAYKNAAGAAAAP2AAG                                                            
         8 ALLEN      AAAYKNAAGAAAAP2AAH                                                            
         9 WARD       AAAYKNAAGAAAAP2AAI                                                            
        10 MARTIN     AAAYKNAAGAAAAP2AAJ                                                            
        11 TURNER     AAAYKNAAGAAAAP2AAK                                                            
        12 ADAMS      AAAYKNAAGAAAAP2AAL                                                            
        13 JAMES      AAAYKNAAGAAAAP2AAM                                                            
        14 MILLER     AAAYKNAAGAAAAP2AAN                                                            

14 rows selected.

SQL> SELECT ROWNUM,ENAME
  2  FROM EMP
  3  WHERE DEPTNO = 10;

    ROWNUM ENAME                                                                                    
---------- ----------                                                                               
         1 KING                                                                                     
         2 CLARK                                                                                    
         3 MILLER                                                                                   

SQL> CREATE SYNONYM E1 FOR EMP;
CREATE SYNONYM E1 FOR EMP
               *
ERROR at line 1:
ORA-00955: name is already used by an existing object 


SQL> DROP TABLE E1;

Table dropped.

SQL> CREATE SYNONYM E1 FOR EMP;

Synonym created.

SQL> SELECT * FROM E1;

     EMPNO ENAME      JOB              MGR HIREDATE         SAL       COMM     DEPTNO               
---------- ---------- --------- ---------- --------- ---------- ---------- ----------               
      7839 KING       PRESIDENT            17-NOV-81       5000                    10               
      7698 BLAKE      MANAGER         7839 01-MAY-81       2850                    30               
      7782 CLARK      MANAGER         7839 09-JUN-81       2450                    10               
      7566 JONES      MANAGER         7839 02-APR-81       2975                    20               
      7788 SCOTT      ANALYST         7566 19-APR-87       3000                    20               
      7902 FORD       ANALYST         7566 03-DEC-81       3000                    20               
      7369 SMITH      CLERK           7902 17-DEC-80        800                    20               
      7499 ALLEN      SALESMAN        7698 20-FEB-81       1600        300         30               
      7521 WARD       SALESMAN        7698 22-FEB-81       1250        500         30               
      7654 MARTIN     SALESMAN        7698 28-SEP-81       1250       1400         30               
      7844 TURNER     SALESMAN        7698 08-SEP-81       1500          0         30               
      7876 ADAMS      CLERK           7788 23-MAY-87       1100                    20               
      7900 JAMES      CLERK           7698 03-DEC-81        950                    30               
      7934 MILLER     CLERK           7782 23-JAN-82       1300                    10               

14 rows selected.

SQL> INSERT INTO E1(EMPNO)
  2  VALUES(1000);

1 row created.

SQL> SELECT * FROM E1;

     EMPNO ENAME      JOB              MGR HIREDATE         SAL       COMM     DEPTNO               
---------- ---------- --------- ---------- --------- ---------- ---------- ----------               
      1000                                                                                          
      7839 KING       PRESIDENT            17-NOV-81       5000                    10               
      7698 BLAKE      MANAGER         7839 01-MAY-81       2850                    30               
      7782 CLARK      MANAGER         7839 09-JUN-81       2450                    10               
      7566 JONES      MANAGER         7839 02-APR-81       2975                    20               
      7788 SCOTT      ANALYST         7566 19-APR-87       3000                    20               
      7902 FORD       ANALYST         7566 03-DEC-81       3000                    20               
      7369 SMITH      CLERK           7902 17-DEC-80        800                    20               
      7499 ALLEN      SALESMAN        7698 20-FEB-81       1600        300         30               
      7521 WARD       SALESMAN        7698 22-FEB-81       1250        500         30               
      7654 MARTIN     SALESMAN        7698 28-SEP-81       1250       1400         30               
      7844 TURNER     SALESMAN        7698 08-SEP-81       1500          0         30               
      7876 ADAMS      CLERK           7788 23-MAY-87       1100                    20               
      7900 JAMES      CLERK           7698 03-DEC-81        950                    30               
      7934 MILLER     CLERK           7782 23-JAN-82       1300                    10               

15 rows selected.

SQL> SELECT * FROM EMP;

     EMPNO ENAME      JOB              MGR HIREDATE         SAL       COMM     DEPTNO               
---------- ---------- --------- ---------- --------- ---------- ---------- ----------               
      1000                                                                                          
      7839 KING       PRESIDENT            17-NOV-81       5000                    10               
      7698 BLAKE      MANAGER         7839 01-MAY-81       2850                    30               
      7782 CLARK      MANAGER         7839 09-JUN-81       2450                    10               
      7566 JONES      MANAGER         7839 02-APR-81       2975                    20               
      7788 SCOTT      ANALYST         7566 19-APR-87       3000                    20               
      7902 FORD       ANALYST         7566 03-DEC-81       3000                    20               
      7369 SMITH      CLERK           7902 17-DEC-80        800                    20               
      7499 ALLEN      SALESMAN        7698 20-FEB-81       1600        300         30               
      7521 WARD       SALESMAN        7698 22-FEB-81       1250        500         30               
      7654 MARTIN     SALESMAN        7698 28-SEP-81       1250       1400         30               
      7844 TURNER     SALESMAN        7698 08-SEP-81       1500          0         30               
      7876 ADAMS      CLERK           7788 23-MAY-87       1100                    20               
      7900 JAMES      CLERK           7698 03-DEC-81        950                    30               
      7934 MILLER     CLERK           7782 23-JAN-82       1300                    10               

15 rows selected.

SQL> CREATE USER USER1
  2  IDENTIFIED BY USER1;
CREATE USER USER1
            *
ERROR at line 1:
ORA-01920: user name 'USER1' conflicts with another user or role name 


SQL> ED
Wrote file afiedt.buf

  1  CREATE USER USER2
  2* IDENTIFIED BY USER2
SQL> /
CREATE USER USER2
            *
ERROR at line 1:
ORA-01920: user name 'USER2' conflicts with another user or role name 


SQL> ED
Wrote file afiedt.buf

  1  CREATE USER USER3
  2* IDENTIFIED BY USER3
SQL> /

User created.

SQL> GRANT ALL PRIVILEGES TO USER3;

Grant succeeded.

SQL> CONNECT USER3/USER3;
Connected.
SQL> SELECT * FROM EMP;
SELECT * FROM EMP
              *
ERROR at line 1:
ORA-00942: table or view does not exist 


SQL> SELECT * FROM SCOTT.EMP;

     EMPNO ENAME      JOB              MGR HIREDATE         SAL       COMM     DEPTNO               
---------- ---------- --------- ---------- --------- ---------- ---------- ----------               
      1000                                                                                          
      7839 KING       PRESIDENT            17-NOV-81       5000                    10               
      7698 BLAKE      MANAGER         7839 01-MAY-81       2850                    30               
      7782 CLARK      MANAGER         7839 09-JUN-81       2450                    10               
      7566 JONES      MANAGER         7839 02-APR-81       2975                    20               
      7788 SCOTT      ANALYST         7566 19-APR-87       3000                    20               
      7902 FORD       ANALYST         7566 03-DEC-81       3000                    20               
      7369 SMITH      CLERK           7902 17-DEC-80        800                    20               
      7499 ALLEN      SALESMAN        7698 20-FEB-81       1600        300         30               
      7521 WARD       SALESMAN        7698 22-FEB-81       1250        500         30               
      7654 MARTIN     SALESMAN        7698 28-SEP-81       1250       1400         30               
      7844 TURNER     SALESMAN        7698 08-SEP-81       1500          0         30               
      7876 ADAMS      CLERK           7788 23-MAY-87       1100                    20               
      7900 JAMES      CLERK           7698 03-DEC-81        950                    30               
      7934 MILLER     CLERK           7782 23-JAN-82       1300                    10               

15 rows selected.

SQL> CREATE SYNONYM EMP FOR SCOTT.EMP;

Synonym created.

SQL> SELECT * FROM EMP;

     EMPNO ENAME      JOB              MGR HIREDATE         SAL       COMM     DEPTNO               
---------- ---------- --------- ---------- --------- ---------- ---------- ----------               
      1000                                                                                          
      7839 KING       PRESIDENT            17-NOV-81       5000                    10               
      7698 BLAKE      MANAGER         7839 01-MAY-81       2850                    30               
      7782 CLARK      MANAGER         7839 09-JUN-81       2450                    10               
      7566 JONES      MANAGER         7839 02-APR-81       2975                    20               
      7788 SCOTT      ANALYST         7566 19-APR-87       3000                    20               
      7902 FORD       ANALYST         7566 03-DEC-81       3000                    20               
      7369 SMITH      CLERK           7902 17-DEC-80        800                    20               
      7499 ALLEN      SALESMAN        7698 20-FEB-81       1600        300         30               
      7521 WARD       SALESMAN        7698 22-FEB-81       1250        500         30               
      7654 MARTIN     SALESMAN        7698 28-SEP-81       1250       1400         30               
      7844 TURNER     SALESMAN        7698 08-SEP-81       1500          0         30               
      7876 ADAMS      CLERK           7788 23-MAY-87       1100                    20               
      7900 JAMES      CLERK           7698 03-DEC-81        950                    30               
      7934 MILLER     CLERK           7782 23-JAN-82       1300                    10               

15 rows selected.

SQL> ed
Wrote file afiedt.buf

  1  CREATE SEQUENCE  s11
  2  		INCREMENT BY 1
  3  		START WITH 1 
  4  		MAXVALUE 10	
  5* 		NOCYCLE
SQL> /

Sequence created.

SQL> SELECT S1.CURRVAL FROM DUAL;
SELECT S1.CURRVAL FROM DUAL
       *
ERROR at line 1:
ORA-02289: sequence does not exist 


SQL> ED
Wrote file afiedt.buf

  1* SELECT S11.CURRVAL FROM DUAL
SQL> /
SELECT S11.CURRVAL FROM DUAL
       *
ERROR at line 1:
ORA-08002: sequence S11.CURRVAL is not yet defined in this session 


SQL> ED
Wrote file afiedt.buf

  1* SELECT S11.NEXTVAL FROM DUAL
SQL> /

   NEXTVAL                                                                                          
----------                                                                                          
         1                                                                                          

SQL> /

   NEXTVAL                                                                                          
----------                                                                                          
         2                                                                                          

SQL> /

   NEXTVAL                                                                                          
----------                                                                                          
         3                                                                                          

SQL> /

   NEXTVAL                                                                                          
----------                                                                                          
         4                                                                                          

SQL> /

   NEXTVAL                                                                                          
----------                                                                                          
         5                                                                                          

SQL> ED
Wrote file afiedt.buf

  1* SELECT S11.CURRVAL FROM DUAL
SQL> /

   CURRVAL                                                                                          
----------                                                                                          
         5                                                                                          

SQL> SELECT * FROM E1;
SELECT * FROM E1
              *
ERROR at line 1:
ORA-00942: table or view does not exist 


SQL> SELECT * FROM E2;
SELECT * FROM E2
              *
ERROR at line 1:
ORA-00942: table or view does not exist 


SQL> SELECT * FROM EMP1;
SELECT * FROM EMP1
              *
ERROR at line 1:
ORA-00942: table or view does not exist 


SQL> CREATE TABLE E1 AS SELECT * FROM EMP;

Table created.

SQL> INSERT INTO E1(EMPNO)
  2  VALUES(S1.NEXTVAL);
VALUES(S1.NEXTVAL)
       *
ERROR at line 2:
ORA-02289: sequence does not exist 


SQL> ED
Wrote file afiedt.buf

  1  INSERT INTO E1(EMPNO)
  2* VALUES(S11.NEXTVAL)
SQL> /

1 row created.

SQL> SELECT * FROM E1;

     EMPNO ENAME      JOB              MGR HIREDATE         SAL       COMM     DEPTNO               
---------- ---------- --------- ---------- --------- ---------- ---------- ----------               
      1000                                                                                          
      7839 KING       PRESIDENT            17-NOV-81       5000                    10               
      7698 BLAKE      MANAGER         7839 01-MAY-81       2850                    30               
      7782 CLARK      MANAGER         7839 09-JUN-81       2450                    10               
      7566 JONES      MANAGER         7839 02-APR-81       2975                    20               
      7788 SCOTT      ANALYST         7566 19-APR-87       3000                    20               
      7902 FORD       ANALYST         7566 03-DEC-81       3000                    20               
      7369 SMITH      CLERK           7902 17-DEC-80        800                    20               
      7499 ALLEN      SALESMAN        7698 20-FEB-81       1600        300         30               
      7521 WARD       SALESMAN        7698 22-FEB-81       1250        500         30               
      7654 MARTIN     SALESMAN        7698 28-SEP-81       1250       1400         30               
      7844 TURNER     SALESMAN        7698 08-SEP-81       1500          0         30               
      7876 ADAMS      CLERK           7788 23-MAY-87       1100                    20               
      7900 JAMES      CLERK           7698 03-DEC-81        950                    30               
      7934 MILLER     CLERK           7782 23-JAN-82       1300                    10               
         6                                                                                          

16 rows selected.

SQL> SELECT S11.NEXTVAL FROM DUAL;

   NEXTVAL                                                                                          
----------                                                                                          
         7                                                                                          

SQL> /

   NEXTVAL                                                                                          
----------                                                                                          
         8                                                                                          

SQL> /

   NEXTVAL                                                                                          
----------                                                                                          
         9                                                                                          

SQL> /

   NEXTVAL                                                                                          
----------                                                                                          
        10                                                                                          

SQL> /
SELECT S11.NEXTVAL FROM DUAL
*
ERROR at line 1:
ORA-08004: sequence S11.NEXTVAL exceeds MAXVALUE and cannot be instantiated 


SQL> CREATE SEQUENCE S12
  2  START WITH 1
  3  INCREMENT BY 2
  4  MAXVALUE 10
  5  CYCLE
  6  CACHE 5;

Sequence created.

SQL> SELECT S12.NEXTVAL FROM DUAL;

   NEXTVAL                                                                                          
----------                                                                                          
         1                                                                                          

SQL> /

   NEXTVAL                                                                                          
----------                                                                                          
         3                                                                                          

SQL> /

   NEXTVAL                                                                                          
----------                                                                                          
         5                                                                                          

SQL> /

   NEXTVAL                                                                                          
----------                                                                                          
         7                                                                                          

SQL> /

   NEXTVAL                                                                                          
----------                                                                                          
         9                                                                                          

SQL> /

   NEXTVAL                                                                                          
----------                                                                                          
         1                                                                                          

SQL> DROP SEQUENCE S11;

Sequence dropped.

SQL> DROP SEQUENCE S12;

Sequence dropped.

SQL> CREATE VIEW EMP_VW
  2  AS SELECT EMPNO,ENAME,SAL
  3  FROM EMP;

View created.

SQL> SELECT * FROM EMP_VW;

     EMPNO ENAME             SAL                                                                    
---------- ---------- ----------                                                                    
      1000                                                                                          
      7839 KING             5000                                                                    
      7698 BLAKE            2850                                                                    
      7782 CLARK            2450                                                                    
      7566 JONES            2975                                                                    
      7788 SCOTT            3000                                                                    
      7902 FORD             3000                                                                    
      7369 SMITH             800                                                                    
      7499 ALLEN            1600                                                                    
      7521 WARD             1250                                                                    
      7654 MARTIN           1250                                                                    
      7844 TURNER           1500                                                                    
      7876 ADAMS            1100                                                                    
      7900 JAMES             950                                                                    
      7934 MILLER           1300                                                                    

15 rows selected.

SQL> DELETE FROM EMP_VW
  2  WHERE EMPNO = 1000;

1 row deleted.

SQL> SELECT * FROM EMP_VW;

     EMPNO ENAME             SAL                                                                    
---------- ---------- ----------                                                                    
      7839 KING             5000                                                                    
      7698 BLAKE            2850                                                                    
      7782 CLARK            2450                                                                    
      7566 JONES            2975                                                                    
      7788 SCOTT            3000                                                                    
      7902 FORD             3000                                                                    
      7369 SMITH             800                                                                    
      7499 ALLEN            1600                                                                    
      7521 WARD             1250                                                                    
      7654 MARTIN           1250                                                                    
      7844 TURNER           1500                                                                    
      7876 ADAMS            1100                                                                    
      7900 JAMES             950                                                                    
      7934 MILLER           1300                                                                    

14 rows selected.

SQL> SELECT * FROM EMP;

     EMPNO ENAME      JOB              MGR HIREDATE         SAL       COMM     DEPTNO               
---------- ---------- --------- ---------- --------- ---------- ---------- ----------               
      7839 KING       PRESIDENT            17-NOV-81       5000                    10               
      7698 BLAKE      MANAGER         7839 01-MAY-81       2850                    30               
      7782 CLARK      MANAGER         7839 09-JUN-81       2450                    10               
      7566 JONES      MANAGER         7839 02-APR-81       2975                    20               
      7788 SCOTT      ANALYST         7566 19-APR-87       3000                    20               
      7902 FORD       ANALYST         7566 03-DEC-81       3000                    20               
      7369 SMITH      CLERK           7902 17-DEC-80        800                    20               
      7499 ALLEN      SALESMAN        7698 20-FEB-81       1600        300         30               
      7521 WARD       SALESMAN        7698 22-FEB-81       1250        500         30               
      7654 MARTIN     SALESMAN        7698 28-SEP-81       1250       1400         30               
      7844 TURNER     SALESMAN        7698 08-SEP-81       1500          0         30               
      7876 ADAMS      CLERK           7788 23-MAY-87       1100                    20               
      7900 JAMES      CLERK           7698 03-DEC-81        950                    30               
      7934 MILLER     CLERK           7782 23-JAN-82       1300                    10               

14 rows selected.

SQL> COMMIT;

Commit complete.

SQL> CREATE VIEW EMP_DEPT_VW
  2  AS SELECT E.EMPNO,E.ENAME,D.DNAME
  3  FROM EMP E
  4  ,DEPT D;
,DEPT D
 *
ERROR at line 4:
ORA-00942: table or view does not exist 


SQL> ED
Wrote file afiedt.buf

  1  CREATE VIEW EMP_DEPT_VW
  2  AS SELECT E.EMPNO,E.ENAME,D.DNAME
  3  FROM EMP E
  4* ,DEPT D
  5  /
,DEPT D
 *
ERROR at line 4:
ORA-00942: table or view does not exist 


SQL> ED
Wrote file afiedt.buf

  1  CREATE VIEW EMP_DEPT_VW
  2  AS SELECT E.EMPNO,E.ENAME,D.DNAME
  3  FROM EMP E
  4  ,DEPT D
  5* WHERE D.DEPTNO = E.DEPTNO
SQL> /
,DEPT D
 *
ERROR at line 4:
ORA-00942: table or view does not exist 


SQL> DESC DEPT;
ERROR:
ORA-04043: object DEPT does not exist 


SQL> CONNECT scott/tiger;
Connected.
SQL> ED
Wrote file afiedt.buf

  1  CREATE VIEW EMP_DEPT_VW
  2  AS SELECT E.EMPNO,E.ENAME,D.DNAME
  3  FROM EMP E
  4  ,DEPT D
  5* WHERE D.DEPTNO = E.DEPTNO
SQL> 
SQL> /

View created.

SQL> SELECT * FROM EMP_DEPT_VW;

     EMPNO ENAME      DNAME                                                                         
---------- ---------- --------------                                                                
      7839 KING       ACCOUNTING                                                                    
      7698 BLAKE      SALES                                                                         
      7782 CLARK      ACCOUNTING                                                                    
      7566 JONES      RESEARCH                                                                      
      7788 SCOTT      RESEARCH                                                                      
      7902 FORD       RESEARCH                                                                      
      7369 SMITH      RESEARCH                                                                      
      7499 ALLEN      SALES                                                                         
      7521 WARD       SALES                                                                         
      7654 MARTIN     SALES                                                                         
      7844 TURNER     SALES                                                                         
      7876 ADAMS      RESEARCH                                                                      
      7900 JAMES      SALES                                                                         
      7934 MILLER     ACCOUNTING                                                                    

14 rows selected.

SQL> INSERT INTO EMP_DEPT_VW
  2  VALUES(1000,'SACHIN','HR');
INSERT INTO EMP_DEPT_VW
*
ERROR at line 1:
ORA-01776: cannot modify more than one base table through a join view 


SQL> SPOOL OFF;
